// Jest Snapshot v1, https://goo.gl/fbAQLP

exports[`Make API The effect forwards correctly 1`] = `
{
  "/": {
    "GET": {
      "params": {
        "baseURL": "hrrps://api.mysite.com/",
        "endpoint": "/",
        "method": "GET",
        "paramsSerializer": undefined,
        "timeout": 20000,
      },
    },
  },
  "/foo/:bar": {
    "GET": {
      "params": {
        "baseURL": "hrrps://api.mysite.com/",
        "endpoint": "/foo/:bar",
        "method": "GET",
        "paramsSerializer": undefined,
        "timeout": 20000,
      },
    },
    "POST": {
      "params": {
        "baseURL": "hrrps://api.mysite.com/",
        "endpoint": "/foo/:bar",
        "method": "POST",
        "paramsSerializer": undefined,
        "timeout": 20000,
      },
    },
  },
}
`;

exports[`Make API The generator output snapshot is correctly 1`] = `
{
  "/": {
    "GET": [Function],
  },
  "/foo/:bar": {
    "GET": [Function],
    "POST": [Function],
  },
}
`;
